// Jest Snapshot v1, https://goo.gl/fbAQLP

exports[`should render Add expence page correctly 1`] = `
<div>
  <h1>
    Add Expence
  </h1>
  <ExpenceForm
    onSubmit={[Function]}
  />
</div>
`;
