// Jest Snapshot v1, https://goo.gl/fbAQLP

exports[`should render expence dashboard page 1`] = `
<div>
  <[object Object] />
  <[object Object] />
  <[object Object] />
</div>
`;
