// Jest Snapshot v1, https://goo.gl/fbAQLP

exports[`should render header correctly 1`] = `
<div>
  <h1>
    Expensify
  </h1>
  <[object Object]
    activeClassName="is-active"
    exact={true}
    to="/"
  >
    Dashboard
  </[object Object]>
  <[object Object]
    activeClassName="is-active"
    to="/create"
  >
    Create
  </[object Object]>
</div>
`;
